$ argus lock status --token=wrong-token --socket=<node-a-SOCKET> --gateway=ws://<GW-ADDR>
exit 1
--- stdout ---
locked mode: not enabled

chain: none — locked mode not enabled on this node

this node
  identity: <NODE-A-DEVPUB>
  signer:   <NODE-A-SIGPUB>

signers: none

devices: none

  pin: none
  client pin: none (could not check this network for a trust log: failed to WebSocket dial: expected handshake response status code 101 but got 401)
--- stderr ---
argus lock status: failed to WebSocket dial: expected handshake response status code 101 but got 401
