$ argus lock status --token=wrong-token --socket=<node-a-SOCKET> --gateway=ws://<GW-ADDR>
exit 0
--- stdout ---
locked mode: not enabled
  this node signer: <NODE-A-SIGPUB>
  this node identity: <NODE-A-DEVPUB>
  pin: none
  client pin: none (could not check this network for a trust log: failed to WebSocket dial: expected handshake response status code 101 but got 401)
--- stderr ---
