$ argus lock status --gateway=ws://<UNREACHABLE-GW-ADDR> --socket=<node-a-SOCKET> --token=<TOKEN>
exit 1
--- stdout ---
locked mode: not enabled
  this node signer: <NODE-A-SIGPUB>
  this node identity: <NODE-A-DEVPUB>
  pin: none
  client pin: none (could not check this network for a trust log: failed to WebSocket dial: failed to send handshake request: Get "http://<UNREACHABLE-GW-ADDR>/client": dial tcp <UNREACHABLE-GW-ADDR>: connect: connection refused)
--- stderr ---
argus lock status: failed to WebSocket dial: failed to send handshake request: Get "http://<UNREACHABLE-GW-ADDR>/client": dial tcp <UNREACHABLE-GW-ADDR>: connect: connection refused
