$ argus lock status --socket=<ROOT>/nope.sock --gateway=ws://<GW-ADDR> --token=<TOKEN>
exit 0
--- stdout ---
locked mode: (client — no local node)
  this device identity: <CLI-CLIENT-DEVPUB>
  to authorize, run on a signer node:
    argus lock sign <CLI-CLIENT-DEVPUB>
  client pin: none
--- stderr ---
