$ argus lock init --socket=<node-a-SOCKET> --gateway=ws://<GW-ADDR> --token=<TOKEN>
exit 1
--- stdout ---
--- stderr ---
argus lock init: this node's own signer key must be listed explicitly:
  argus lock init <NODE-A-SIGPUB>

the signer keys you pass are the complete set the new trust log will trust
