$ argus lock status --socket=<node-a-SOCKET> --gateway=ws://<GW-ADDR> --token=<TOKEN>
exit 0
--- stdout ---
locked mode: enforcing

chain
  genesis: <GENESIS-1>
           <FP>
  tip:     <TIP-1>
           <FP>
  length:  3 entries

this node
  identity: <NODE-A-DEVPUB>   authorized: yes
  signer:   <NODE-A-SIGPUB>   trusted: yes

signers (1)
  fingerprint: <FP>
  <NODE-A-SIGPUB>

devices (2)
  <NODE-A-DEVPUB>  ← this node
  <NODE-B-DEVPUB>

  pin: <FP> (source: file)
  client pin: <FP> (source: file)
--- stderr ---
