$ argus lock status --socket=/home/argus/s --gateway=ws://<RUN-ID>-gw:8443 --token=<TOKEN>
exit 0
--- stdout ---
locked mode: locked out — this node opens no channels
  the trust root it is pinned to was disabled by break-glass (permanently), and
  the network has since locked again under a new root

chain
  genesis: <GENESIS-1>
           <FP>
  tip:     <TIP-2>
           <FP>
  length:  4 entries

this node
  identity: <NODE-B-DEVPUB>   authorized: yes
  signer:   <NODE-B-SIGPUB>   trusted: no

signers (1)
  fingerprint: <FP>
  <NODE-A-SIGPUB>

devices (2)
  <NODE-A-DEVPUB>
  <NODE-B-DEVPUB>  ← this node

  pin: <FP> — the network now uses a new root (<FP>)
       run:
         argus lock pin <GENESIS-2>

this tui
  identity: <NODE-B-CLIENT-DEVPUB>   authorized: no
  pin: <FP> — the network now uses a new root (<FP>)
       this tui opens no channels; run:
         argus lock pin <GENESIS-2>
       then restart argus
  → to authorize this tui, run on a signer node:
      argus lock sign <NODE-B-CLIENT-DEVPUB>
--- stderr ---
