$ argus lock unpin --socket=<node-b-SOCKET> --gateway=ws://<GW-ADDR> --token=<TOKEN>
exit 0
--- stdout ---
cleared this device's persisted pin
  local node unpinned
--- stderr ---

This device now has no trust root. It will refuse all channels while the
network has a trust log, until you run `argus lock pin`.
