$ argus lock revoke-signer --cosign <BLOB-START> --socket=<node-b-SOCKET> --gateway=ws://<GW-ADDR> --token=<TOKEN>
exit 0
--- stdout ---
co-signed
  blob: <BLOB-COSIGNED>
--- stderr ---

If more co-signs are needed, run on another signer node:
  argus lock revoke-signer --cosign <BLOB-COSIGNED>
When you have enough co-signs, run on any signer node:
  argus lock revoke-signer --finish <BLOB-COSIGNED>
