  󰚩 Argus                                                                                                                                                   

  Projects                           │   repo  main                                                                       │  Files  Changes
                                     │                                                                                    │
  󰋜 Home                         ○ 3 │   ╭─ · repo ────────────────────────────────────────────────────────────────  ─╮   │  UNCOMMITTED · 2
  ▾ argus                            │   │                                                                            │   │▌ M main.go
▌   ★ repo  main                 ○ 2 │   │ (idle)                                                                     │   │  A README.md
    • repo-feat  feature         ○ 1 │   ╰────────────────────────────────────────────────────────────────────────────╯   │
                                     │                                                                                    │  COMMITS
                                     │   ╭─ · repo ────────────────────────────────────────────────────────────────  ─╮   │  loading…
                                     │   │                                                                            │   │
                                     │   │ (idle)                                                                     │   │
                                     │   ╰────────────────────────────────────────────────────────────────────────────╯   │
                                     │                                                                                    │
                                     │                                                                                    │
                                     │                                                                                    │
                                     │                                                                                    │
                                     │                                                                                    │
                                     │                                                                                    │
                                     │                                                                                    │
                                     │                                                                                    │
                                     │                                                                                    │
                                     │                                                                                    │
                                     │                                                                                    │
                                     │                                                                                    │
                                     │                                                                                    │
                                     │                                                                                    │
                                     │                                                                                    │

                                                         gT/gt tabs · enter diff · ␣e changes · g? help