  󰚩 Argus                            ·   repo  main                                                                                                         

  Projects                           │   Sessions   Terminals                                                             │  Files  Changes
                                     │                                                                                    │
  󰋜 Home                         ○ 3 │   ╭─ · repo ────────────────────────────────────────────────────────────────  ─╮   │  UNCOMMITTED · 2
  ▾  home                           │   │                                                                            │   │▌ M main.go
    ▾ argus                          │   │ (idle)                                                                     │   │  A README.md
▌     󰉋 repo  main               ○ 2 │   ╰────────────────────────────────────────────────────────────────────────────╯   │
       repo-feat  feature       ○ 1 │                                                                                    │  COMMITS
                                     │   ╭─ · repo ────────────────────────────────────────────────────────────────  ─╮   │  loading…
                                     │   │                                                                            │   │
                                     │   │ (idle)                                                                     │   │
                                     │   ╰────────────────────────────────────────────────────────────────────────────╯   │
                                     │                                                                                    │
                                     │                                                                                    │
                                     │                                                                                    │
                                     │                                                                                    │
                                     │                                                                                    │
                                     │                                                                                    │
                                     │                                                                                    │
                                     │                                                                                    │
                                     │                                                                                    │
                                     │                                                                                    │
                                     │                                                                                    │
                                     │                                                                                    │
                                     │                                                                                    │
                                     │                                                                                    │
                                     │                                                                                    │

                                                         gT/gt tabs · enter diff · ␣e changes · g? help