  󱙺 argus

                      repo  main                                                                                          │   Files  Changes
                                                                                                                          │
                      ┏━ · repo ━━━━━━━━━━━━━━━━━━━━━━━━━━━━━━━━━━━━━━━━━━━━━━━━━━━━━━━━━━━━━━━━  ━┓                      │ ▌ loading…
                      ┃                                                                            ┃                      │
                      ┃ (idle)                                                                     ┃                      │
                      ┗━━━━━━━━━━━━━━━━━━━━━━━━━━━━━━━━━━━━━━━━━━━━━━━━━━━━━━━━━━━━━━━━━━━━━━━━━━━━┛                      │
                                                                                                                          │
                      ╭─ · repo ────────────────────────────────────────────────────────────────  ─╮                      │
                      │                                                                            │                      │
                      │ (idle)                                                                     │                      │
                      ╰────────────────────────────────────────────────────────────────────────────╯                      │
                                                                                                                          │
                                                                                                                          │
                                                                                                                          │
                                                                                                                          │
                                                                                                                          │
                                                                                                                          │
                                                                                                                          │
                                                                                                                          │
                                                                                                                          │
                                                                                                                          │
                                                                                                                          │
                                                                                                                          │
 ╭──────────────────────────────────╮                                                                                     │
 │ scroll half-page-up    ^u pgup   │                                                                                     │
 │ scroll half-page-down  ^d pgdown │                                                                                     │
 ╰──────────────────────────────────╯
  :scroll 