  󱙺 argus                                                                                                                                                   

  Projects                           │   repo  main                                                                       │  Files  Changes
                                     │                                                                                    │
  󰋜 Home                         ○ 3 │   ╭─ · repo ────────────────────────────────────────────────────────────────  ─╮   │▌ loading…
  ▾ argus                            │   │                                                                            │   │
▌   ★ repo  main                 ○ 2 │   │ (idle)                                                                     │   │
    • repo-feat  feature         ○ 1 │   ╰────────────────────────────────────────────────────────────────────────────╯   │
                                     │                                                                                    │
                                     │   ╭─ · repo ────────────────────────────────────────────────────────────────  ─╮   │
                                     │   │                                                                            │   │
                                     │   │ (idle)                                                                     │   │
                                     │   ╰────────────────────────────────────────────────────────────────────────────╯   │
                                     │                                                                                    │
                                     │                                                                                    │
                                     │                                                                                    │
                                     │                                                                                    │
                                     │                                                                                    │
                                     │                                                                                    │
                                     │                                                                                    │
                                     │                                                                                    │
                                     │                                                                                    │
 ╭──────────────────────────╮        │                                                                                    │
 │ toggle mouse             │        │                                                                                    │
 │ toggle show-gone      zg │        │                                                                                    │
 │ toggle show-hidden    z. │        │                                                                                    │
 │ toggle left-sidebar   ␣o │        │                                                                                    │
 │ toggle right-sidebar  ␣e │        │                                                                                    │
 ╰──────────────────────────╯
  :toggle 