  󱙺 argus

  Projects                           │   repo  main                                                                       │   Files  Changes
                                     │                                                                                    │
  󰋜 Home                         ○ 3 │   ╭─ · repo ────────────────────────────────────────────────────────────────  ─╮   │ ▌ loading…
  ▾ argus                            │   │                                                                            │   │
▌   ★ repo  main                 ○ 2 │   │ (idle)                                                                     │   │
    • repo-feat  feature         ○ 1 │   ╰────────────────────────────────────────────────────────────────────────────╯   │
                                     │                                                                                    │
                                     │   ╭─ · repo ────────────────────────────────────────────────────────────────  ─╮   │
                                     │   │                                                                            │   │
                                     │   │ (idle)                                                                     │   │
                                     │   ╰────────────────────────────────────────────────────────────────────────────╯   │
                                     │                                                                                    │
                                     │                                                                                    │
                                     │                                                                                    │
                                     │                                                                                    │
 ╭────────────────────────────────────╮                                                                                   │
 │ focus down               ^wj       │                                                                                   │
 │ focus left               ^wh       │                                                                                   │
 │ focus next               ^ww       │                                                                                   │
 │ focus prev               ^wW       │                                                                                   │
 │ focus right              ^wl       │                                                                                   │
 │ focus up                 ^wk       │                                                                                   │
 │ fold close               h ← zc    │                                                                                   │
 │ fold open                l → zo    │                                                                                   │
 │ goto bottom              G shift+g │                                                                                   │
 │ goto top                 gg        │                                                                                   │
 ╰────────────────────────────────────╯
  :goto top 