  󰚩 Argus                                                                                                                                                   

  Projects                           │   repo  main                                                                       │  Files  Changes
                                     │                                                                                    │
  󰋜 Home                         ○ 3 │   ╭─ · repo ────────────────────────────────────────────────────────────────  ─╮   │▌ loading…
  ▾  home                           │   │                                                                            │   │
    ▾ argus                          │   │ (idle)                                                                     │   │
▌     󰉋 repo  main               ○ 2 │   ╰────────────────────────────────────────────────────────────────────────────╯   │
       repo-feat  feature       ○ 1 │                                                                                    │
                                     │   ╭─ · repo ────────────────────────────────────────────────────────────────  ─╮   │
                                     │   │                                                                            │   │
                                     │   │ (idle)                                                                     │   │
                                     │   ╰────────────────────────────────────────────────────────────────────────────╯   │
                                     │                                                                                    │
                                     │                                                                                    │
                                     │                                                                                    │
                                     │                                                                                    │
 ╭────────────────────────────────────╮                                                                                   │
 │ focus next               ^ww       │                                                                                   │
 │ focus prev               ^wW       │                                                                                   │
 │ focus right              ^wl       │                                                                                   │
 │ fold close               h ← zc    │                                                                                   │
 │ fold open                l → zo    │                                                                                   │
 │ goto bottom              G shift+g │                                                                                   │
 │ goto top                 gg        │                                                                                   │
 │ help                     g?        │                                                                                   │
 │ hover                    K shift+k │                                                                                   │
 │ next                     ↓ j       │                                                                                   │
 ╰────────────────────────────────────╯
  :next 