  󱙺 argus

  Projects                           │  New workspace in argus   target: main  (^t)
                                     │
  󰋜 Home                         ○ 3 │  New   Branches   PRs   Issues
▌ ▾ argus                            │
    ★ repo  main                 ○ 2 │  branch:  
    • repo-feat  feature         ○ 1 │
                                     │
                                     │
                                     │
                                     │
                                     │
                                     │
                                     │
                                     │
                                     │
                                     │
                                     │
                                     │
                                     │
                                     │
                                     │
                                     │
                                     │
                                     │
                                     │
                                     │

                                  enter create · tab next tab · ^t target · esc cancel