  󰚩 Argus                            ·  argus  /repo/.git                                                           

  Projects                           │  󰉋 repo  main                                                               ○ 2
                                     │   repo-feat  feature                                                       ○ 1
  󰋜 Home                         ○ 3 │
  ▾  home                           │  ╭────────────────────────────────────────────────────────────────────────────╮
▌   ▾ argus                          │  │ New workspace in argus target: main  (^t)                                  │
      󰉋 repo  main               ○ 2 │  │                                                                            │
       repo-feat  feature       ○ 1 │  │ New   Branches   PRs   Issues                                              │
                                     │  │                                                                            │
                                     │  │ branch:                                                                    │
                                     │  │                                                                            │
                                     │  │                                                                            │
                                     │  │                                                                            │
                                     │  │                                                                            │
                                     │  │                                                                            │
                                     │  │                                                                            │
                                     │  │                                                                            │
                                     │  │                                                                            │
                                     │  │                                                                            │
                                     │  │                                                                            │
                                     │  │                                                                            │
                                     │  │                                                                            │
                                     │  │ enter create · tab next tab · ^t target · esc cancel                       │
                                     │  ╰────────────────────────────────────────────────────────────────────────────╯
                                     │
                                     │
                                     │

