  󱙺 argus                                                                                                                                                   

  Projects                           │   repo  main                                                                       │   Files  Changes
                                     │                                                                                    │
  󰋜 Home                         ○ 3 │   ╭─ · repo ────────────────────────────────────────────────────────────────  ─╮   │ ▌   go.mod
  ▾ argus                            │   │                                                                            │   │
▌   ★ repo  main                 ○ 2 │   │ (idle)                                                                     │   │
    • repo-feat  feature         ○ 1 │   ╰────────────────────────────────────────────────────────────────────────────╯   │
                                     │                                                                                    │
                                     │   ╭─ · repo ────────────────────────────────────────────────────────────────  ─╮   │
                                     │   │                                                                            │   │
                                     │   │ (idle)                                                                     │   │
                                     │   ╰────────────────────────────────────────────────────────────────────────────╯   │
                                     │                                                                                    │
                                     │                                                                                    │
                                     │                                                                                    │
                                     │                                                                                    │
                                     │                                                                                    │
                                     │                                                                                    │
                                     │                                                                                    │
                                     │                                                                                    │
                                     │                                                                                    │
                                     │                                                                                    │
                                     │                                                                                    │
                                     │                                                                                    │
                                     │                                                                                    │
                                     │                                                                                    │
                                     │                                                                                    │

                                                           gT/gt tabs · h/l fold · ␣e files · g? help