  󱙺 argus

  Projects                           │  Sessions   History
                                     │
▌ 󰋜 Home                         ○ 3 │  󰐩 n1
  ▾ argus                            │  ┏━ ○ proj ━━━━━━━━━━━━━━━━━━━━━━━━━━━━━━━━━━━━━━━━━━━━━━━━━━━━━━━━━━━━━━━━  ━┓
    ★ repo  main                 ○ 2 │  ┃ 0 sessions                                                                 ┃
    • repo-feat  feature         ○ 1 │  ┃                                                                            ┃
                                     │  ┗━━━━━━━━━━━━━━━━━━━━━━━━━━━━━━━━━━━━━━━━━━━━━━━━━━━━━━━━━━━━━━━━━━━━━━━━━━━━┛
                                     │
                                     │  ╭─ ○ other ───────────────────────────────────────────────────────────────  ─╮
                                     │  │ 0 sessions                                                                 │
                                     │  │ /q                                                                         │
                                     │  ╰────────────────────────────────────────────────────────────────────────────╯
                                     │
                                     │
                                     │
                                     │
                                     │
                                     │
                                     │
                                     │
                                     │
                                     │
                                     │
                                     │
                                     │
                                     │

                                     gT/gt tabs · gg/G ends · gr refresh · g? help