  󰚩 Argus                                                                                                           

  Projects                           │  Sessions   History   Terminals
                                     │
▌ 󰋜 Home                         ○ 3 │   n1
  ▾  home                           │  ┏━ ○ proj ━━━━━━━━━━━━━━━━━━━━━━━━━━━━━━━━━━━━━━━━━━━━━━━━━━━━━━━━━━━━━━━━  ━┓
    ▾ argus                          │  ┃ 0 sessions                                                                 ┃
      󰉋 repo  main               ○ 2 │  ┃                                                                            ┃
       repo-feat  feature       ○ 1 │  ┗━━━━━━━━━━━━━━━━━━━━━━━━━━━━━━━━━━━━━━━━━━━━━━━━━━━━━━━━━━━━━━━━━━━━━━━━━━━━┛
                                     │
                                     │  ╭─ ○ other ───────────────────────────────────────────────────────────────  ─╮
                                     │  │ 0 sessions                                                                 │
                                     │  │ /q                                                                         │
                                     │  ╰────────────────────────────────────────────────────────────────────────────╯
                                     │
                                     │
                                     │
                                     │
                                     │
                                     │
                                     │
                                     │
                                     │
                                     │
                                     │
                                     │
                                     │
                                     │

                                     gT/gt tabs · gg/G ends · gr refresh · g? help