  󰚩 Argus                                                                                                           

  Projects                           │  history · proj
                                     │
▌ 󰋜 Home                         ○ 3 │  ┏━ ○ first session ━━━━━━━━━━━━━━━━━━━━━━━━━━━━━━━━━━━━━━━━━━━━━━━━━━━━━━━  ━┓
  ▾  home                           │  ┃                                                                            ┃
    ▾ argus                          │  ┗━━━━━━━━━━━━━━━━━━━━━━━━━━━━━━━━━━━━━━━━━━━━━━━━━━━━━━━━━━━━━━━━━━━━━━━━━━━━┛
      󰉋 repo  main               ○ 2 │
       repo-feat  feature       ○ 1 │  ╭─ ○ second session ──────────────────────────────────────────────────────  ─╮
                                     │  │                                                                            │
                                     │  ╰────────────────────────────────────────────────────────────────────────────╯
                                     │
                                     │
                                     │
                                     │
                                     │
                                     │
                                     │
                                     │
                                     │
                                     │
                                     │
                                     │
                                     │
                                     │
                                     │
                                     │
                                     │

                                                export this session? y/n