  󱙺 argus

  Projects                           │  history · proj
                                     │
▌ 󰋜 Home                         ○ 3 │  ┏━ ○ first session ━━━━━━━━━━━━━━━━━━━━━━━━━━━━━━━━━━━━━━━━━━━━━━━━━━━━━━━  ━┓
  ▾ argus                            │  ┃                                                                            ┃
    ★ repo  main                 ○ 2 │  ┗━━━━━━━━━━━━━━━━━━━━━━━━━━━━━━━━━━━━━━━━━━━━━━━━━━━━━━━━━━━━━━━━━━━━━━━━━━━━┛
    • repo-feat  feature         ○ 1 │
                                     │  ╭─ ○ second session ──────────────────────────────────────────────────────  ─╮
                                     │  │                                                                            │
                                     │  ╰────────────────────────────────────────────────────────────────────────────╯
                                     │
                                     │
                                     │
                                     │
                                     │
                                     │
                                     │
                                     │
                                     │
                                     │
                                     │
                                     │
                                     │
                                     │
                                     │
                                     │
                                     │

                           ↑/↓ move · gg/G ends · enter open · R resume · E export · esc back