  󰚩 Argus                                                                                                           

  Projects                           │  Sessions   History   Terminals
                                     │
▌ 󰋜 Home                         ○ 3 │  ❯ zsh  ~
  ▾ argus                            │    build  ~/src
    󰉋 repo  main                 ○ 2 │
     repo-feat  feature         ○ 1 │
                                     │
                                     │
                                     │
                                     │
                                     │
                                     │
                                     │
                                     │
                                     │
                                     │
                                     │
                                     │
                                     │
                                     │
                                     │
                                     │
                                     │
                                     │
                                     │
                                     │

                             gT/gt tabs · a new · r rename · dd kill · gr refresh · g? help