  󱙺 argus

  Projects                           │  Sessions   History
                                     │
▌ 󰋜 Home                         ○ 3 │  ╭─ · repo ────────────────────────────────────────────────────────────────  ─╮
  ▾ argus                            │  │                                                                            │
    ★ repo  main                 ○ 2 │  │ (idle)                                                                     │
    • repo-feat  feature         ○ 1 │  ╰────────────────────────────────────────────────────────────────────────────╯
                                     │
                                     │  ┏━ · repo ━━━━━━━━━━━━━━━━━━━━━━━━━━━━━━━━━━━━━━━━━━━━━━━━━━━━━━━━━━━━━━━━  ━┓
                                     │  ┃                                                                            ┃
                                     │  ┃ (idle)                                                                     ┃
                                     │  ┗━━━━━━━━━━━━━━━━━━━━━━━━━━━━━━━━━━━━━━━━━━━━━━━━━━━━━━━━━━━━━━━━━━━━━━━━━━━━┛
                                     │
                                     │  ╭─ · repo ────────────────────────────────────────────────────────────────  ─╮
                                     │  │                                                                            │
                                     │  │ (idle)                                                                     │
                                     │  ╰────────────────────────────────────────────────────────────────────────────╯
                                     │
                                     │
                                     │
                                     │
                                     │
                                     │
                                     │
                                     │
                                     │
                                     │

           ↑/↓ move · enter open · O jump · gT/gt tabs · s spawn · dd kill · gr refresh · esc tree · g? help