  󱙺 argus

  Projects                           │  Sessions   History
                                     │
▌ 󰋜 Home                         ○ 3 │  ╭─ · repo ─────────────────────────────────────────────────────────── %1 ·  ─╮
  ▾ argus                            │  │                                                                            │
    ★ repo  main                 ○ 2 │  │ (idle)                                                                     │
    • repo-feat  feature         ○ 1 │  ╰────────────────────────────────────────────────────────────────────────────╯
                                     │
                                     │  ┏━ · repo ━━━━━━━━━━━━━━━━━━━━━━━━━━━━━━━━━━━━━━━━━━━━━━━━━━━━━━━━━━━ %1 ·  ━┓
                                     │  ┃                                                                            ┃
                                     │  ┃ (idle)                                                                     ┃
                                     │  ┗━━━━━━━━━━━━━━━━━━━━━━━━━━━━━━━━━━━━━━━━━━━━━━━━━━━━━━━━━━━━━━━━━━━━━━━━━━━━┛
                                     │
                                     │  ╭─ · repo ─────────────────────────────────────────────────────────── %1 ·  ─╮
                                     │  │                                                                            │
                                     │  │ (idle)                                                                     │
                                     │  ╰────────────────────────────────────────────────────────────────────────────╯
                                     │
                                     │
                                     │
                                     │
                                     │
                                     │
                                     │
                                     │
                                     │
                                     │

                                              kill session repo · %1? y/n