  󱙺 argus                                                                                                           

  Projects                           │  Sessions   History   Terminals
                                     │
▌ 󰋜 Home                         ○ 3 │  ╭─ · repo ────────────────────────────────────────────────────────────────  ─╮
  ▾ argus                            │  │                                                                            │
    ★ repo  main                 ○ 2 │  │ (idle)                                                                     │
    • repo-feat  feature         ○ 1 │  ╰────────────────────────────────────────────────────────────────────────────╯
                                     │
                                     │  ┏━ · repo ━━━━━━━━━━━━━━━━━━━━━━━━━━━━━━━━━━━━━━━━━━━━━━━━━━━━━━━━━━━━━━━━  ━┓
                                     │  ┃                                                                            ┃
                                     │  ┃ (idle)                                                                     ┃
                                     │  ┗━━━━━━━━━━━━━━━━━━━━━━━━━━━━━━━━━━━━━━━━━━━━━━━━━━━━━━━━━━━━━━━━━━━━━━━━━━━━┛
                                     │
                                     │  ╭─ · repo ────────────────────────────────────────────────────────────────  ─╮
                                     │  │                                                                            │
                                     │  │ (idle)                                                                     │
                                     │  ╰────────────────────────────────────────────────────────────────────────────╯
                                     │
                                     │
                                     │
                                     │
                                     │
                                     │
                                     │
                                     │
                                     │
                                     │

                 O jump · gT/gt tabs · s spawn · dd kill · za active · / filter · gr refresh · g? help