                     󰚩 Argus    Sessions   History   Terminals







                                                    ╭──────────────╮                  
                                                    │    █████╗    │                  
                                                    │   ██╔══██╗   │                  
                                                    │   ███████║   │                  
                                                    │   ██╔══██║   │                  
                                                    │   ██║  ██║   │                  
                                                    │   ╚═╝  ╚═╝   │                  
                                                    ╰──────────────╯                  
                                                                                      
                                                          Argus                       
                                         Watch and control all your AI agents.        
                                                                                      
                                   No sessions yet. Start an AI agent in a tmux pane, 
                                          or press s to spawn one right here.         







                                      gT/gt tabs · s spawn · gr refresh · esc tree