  󱙺 argus

  fix-login  [%1]

  ╭────────────────────────────────────────────────────────────────────────────────────────────────────────────────────╮
  │$ go test ./...                                                                                                     │
  │ok      github.com/MunifTanjim/argus                                                                                │
  │$                                                                                                                   │
  ╰────────────────────────────────────────────────────────────────────────────────────────────────────────────────────╯




















                                           keys go to the session · ^] leave