  󰚩 Argus                            · fix-login  [%1]                                                                                                      

  Projects                           │ ╭────────────────────────────────────────────────────────────────────────────────╮ │  Files  Changes
                                     │ │$ go test ./...                                                                 │ │
▌ 󰋜 Home                         ○ 3 │ │ok      github.com/MunifTanjim/argus                                            │ │  select a workspace
  ▾  home                           │ │$                                                                               │ │
    ▾ argus                          │ │                                                                                │ │
      󰉋 repo  main               ○ 2 │ │                                                                                │ │
       repo-feat  feature       ○ 1 │ │                                                                                │ │
                                     │ │                                                                                │ │
                                     │ │                                                                                │ │
                                     │ │                                                                                │ │
                                     │ │                                                                                │ │
                                     │ │                                                                                │ │
                                     │ │                                                                                │ │
                                     │ │                                                                                │ │
                                     │ │                                                                                │ │
                                     │ │                                                                                │ │
                                     │ │                                                                                │ │
                                     │ │                                                                                │ │
                                     │ │                                                                                │ │
                                     │ │                                                                                │ │
                                     │ │                                                                                │ │
                                     │ │                                                                                │ │
                                     │ │                                                                                │ │
                                     │ │                                                                                │ │
                                     │ │                                                                                │ │
                                     │ ╰────────────────────────────────────────────────────────────────────────────────╯ │

                                                               keys go to the session · ^] leave