  󰚩 Argus                                                                                                           

  Projects                           │ fix-login  [%1]
                                     │
▌ 󰋜 Home                         ○ 3 │ ╭─────────────────────────────────────────────────────────────────────────────╮
  ▾  home                           │ │$ go test ./...                                                              │
    ▾ argus                          │ │ok      github.com/MunifTanjim/argus                                         │
      󰉋 repo  main               ○ 2 │ │$                                                                            │
       repo-feat  feature       ○ 1 │ │                                                                             │
                                     │ │                                                                             │
                                     │ │                                                                             │
                                     │ │                                                                             │
                                     │ │                                                                             │
                                     │ │                                                                             │
                                     │ │                                                                             │
                                     │ │                                                                             │
                                     │ │                                                                             │
                                     │ │                                                                             │
                                     │ │                                                                             │
                                     │ │                                                                             │
                                     │ │                                                                             │
                                     │ │                                                                             │
                                     │ │                                                                             │
                                     │ │                                                                             │
                                     │ │                                                                             │
                                     │ │                                                                             │
                                     │ │                                                                             │
                                     │ ╰─────────────────────────────────────────────────────────────────────────────╯

                                           keys go to the session · ^] leave