  󰚩 Argus                            · fix-login  [%1]                                                              

  Projects                           │ ╭─────────────────────────────────────────────────────────────────────────────╮
                                     │ │$ go test ./...                                                              │
▌ 󰋜 Home                         ○ 3 │ │ok      github.com/MunifTanjim/argus                                         │
  ▾  home                           │ │$                                                                            │
    ▾ argus                          │ │                                                                             │
      󰉋 repo  main               ○ 2 │ │                                                                             │
       repo-feat  feature       ○ 1 │ │                                                                             │
                                     │ │                                                                             │
                                     │ │                                                                             │
                                     │ │                                                                             │
                                     │ │                                                                             │
                                     │ │                                                                             │
                                     │ │                                                                             │
                                     │ │                                                                             │
                                     │ │                                                                             │
                                     │ │                                                                             │
                                     │ │                                                                             │
                                     │ │                                                                             │
                                     │ │                                                                             │
                                     │ │                                                                             │
                                     │ │                                                                             │
                                     │ │                                                                             │
                                     │ │                                                                             │
                                     │ │                                                                             │
                                     │ │                                                                             │
                                     │ ╰─────────────────────────────────────────────────────────────────────────────╯

                                           keys go to the session · ^] leave