  󰚩 Argus                                                                                                                                                   

  Projects                           │ fix-login  [%1]                                                                    │  Files  Changes
                                     │                                                                                    │
▌ 󰋜 Home                         ○ 3 │ ╭────────────────────────────────────────────────────────────────────────────────╮ │  select a workspace
  ▾  home                           │ │$ go test ./...                                                                 │ │
    ▾ argus                          │ │ok      github.com/MunifTanjim/argus                                            │ │
      󰉋 repo  main               ○ 2 │ │$                                                                               │ │
       repo-feat  feature       ○ 1 │ │                                                                                │ │
                                     │ │                                                                                │ │
                                     │ │                                                                                │ │
                                     │ │                                                                                │ │
                                     │ │                                                                                │ │
                                     │ │                                                                                │ │
                                     │ │                                                                                │ │
                                     │ │                                                                                │ │
                                     │ │                                                                                │ │
                                     │ │                                                                                │ │
                                     │ │                                                                                │ │
                                     │ │                                                                                │ │
                                     │ │                                                                                │ │
                                     │ │                                                                                │ │
                                     │ │                                                                                │ │
                                     │ │                                                                                │ │
                                     │ │                                                                                │ │
                                     │ │                                                                                │ │
                                     │ │                                                                                │ │
                                     │ ╰────────────────────────────────────────────────────────────────────────────────╯ │

                                                               keys go to the session · ^] leave