  󰚩 Argus                                                                                                                                                   

  Projects                           │ fix-login  [%1]                                                                    │  Files  Changes
                                     │                                                                                    │
▌ 󰋜 Home                         ○ 3 │ ╭────────────────────────────────────────────────────────────────────────────────╮ │  select a workspace
  ▾ argus                            │ │$ go test ./...                                                                 │ │
    󰉋 repo  main                 ○ 2 │ │ok      github.com/MunifTanjim/argus                                            │ │
     repo-feat  feature         ○ 1 │ │$                                                                               │ │
                                     │ │                                                                                │ │
                                     │ │                                                                                │ │
                                     │ │                                                                                │ │
                                     │ │                                                                                │ │
                                     │ │                                                                                │ │
                                     │ │                                                                                │ │
                                     │ │                                                                                │ │
                                     │ │                                                                                │ │
                                     │ │                                                                                │ │
                                     │ │                                                                                │ │
                                     │ │                                                                                │ │
                                     │ │                                                                                │ │
                                     │ │                                                                                │ │
                                     │ │                                                                                │ │
                                     │ │                                                                                │ │
                                     │ │                                                                                │ │
                                     │ │                                                                                │ │
                                     │ │                                                                                │ │
                                     │ │                                                                                │ │
                                     │ ╰────────────────────────────────────────────────────────────────────────────────╯ │

                                                               keys go to the session · ^] leave