  󱙺 argus

  Sessions   History

  ┏━ · repo ━━━━━━━━━━━━━━━━━━━━━━━━━━━━━━━━━━━━━━━━━━━━━━━━━━━━━━━━━━━━━━━  ━┓
  ┃                                                                           ┃
  ┃ (idle)                                                                    ┃
  ┗━━━━━━━━━━━━━━━━━━━━━━━━━━━━━━━━━━━━━━━━━━━━━━━━━━━━━━━━━━━━━━━━━━━━━━━━━━━┛

  ╭─ · repo ───────────────────────────────────────────────────────────────  ─╮
  │                                                                           │
  │ (idle)                                                                    │
  ╰───────────────────────────────────────────────────────────────────────────╯

  ╭─ · repo ───────────────────────────────────────────────────────────────  ─╮
  │                                                                           │
  │ (idle)                                                                    │
  ╰───────────────────────────────────────────────────────────────────────────╯










O jump · gT/gt tabs · s spawn · dd kill · za active · / filter · gr refresh · Q
                                quit · g? help