  󰚩 Argus                                                                   

  Projects                           │ home
                                     │
  󰋜 Home                         ○ 3 │   OS         macOS 26.0.1 (arm64)
▌ ▾  home                           │   Uptime     3d 4h 12m
    ▾ argus                          │   Battery    82% · charging
      󰉋 repo  main               ○ 2 │   Wakelock   on until turned off
       repo-feat  feature       ○ 1 │
                                     │   argus  2 workspaces                 ○ 3
                                     │
                                     │
                                     │
                                     │
                                     │
                                     │
                                     │
                                     │
                                     │
                                     │
                                     │
                                     │

                              w wakelock · g? help