  󰚩 Argus                                                                   

  Projects                           │ home
                                     │
  󰋜 Home                         ○ 3 │ host info error: connection lost
▌ ▾  home                           │
    ▾ argus                          │   argus  2 workspaces                 ○ 3
      󰉋 repo  main               ○ 2 │
       repo-feat  feature       ○ 1 │
                                     │
                                     │
                                     │
                                     │
                                     │
                                     │
                                     │
                                     │
                                     │
                                     │
                                     │
                                     │
                                     │

                              w wakelock · g? help