  󰚩 Argus                            · home                                 

  Projects                           │   Uptime     12m
                                     │
  󰋜 Home                         ○ 3 │   argus  2 workspaces                 ○ 3
▌ ▾  home                           │
    ▾ argus                          │
      󰉋 repo  main               ○ 2 │
       repo-feat  feature       ○ 1 │
                                     │
                                     │
                                     │
                                     │
                                     │
                                     │
                                     │
                                     │
                                     │
                                     │
                                     │
                                     │
                                     │

                                    g? help