  󰚩 Argus                            ·  repo  main                                                                  

  Projects                           │  Sessions   Terminals
                                     │
  󰋜 Home                         ○ 3 │  ╭─ · repo ──────────────────────────────────────────────────── fix-login ·  ─╮
  ▾  home╭──────────────────────────────────────────────────────────────────────────────────────────────────╮       │
    ▾ argu│ Commands                                                                                         │       │
▌     󰉋 re│                                                                                                  │───────╯
       re│ >toggle                                                                                          │
          │                                                                                                  │cs ·  ─╮
          │ > toggle mouse                                                                                   │       │
          │ > toggle show-gone             zx                                                                │       │
          │ > toggle show-hidden           z.                                                                │───────╯
          │ > toggle left-sidebar          ␣o                                                                │
          │ > toggle right-sidebar         ␣e                                                                │
          │ > toggle verbose-transcript                                                                      │
          │                                                                                                  │
          │                                                                                                  │
          │                                                                                                  │
          │                                                                                                  │
          │                                                                                                  │
          │                                                                                                  │
          │                                                                                                  │
          │                                                                                                  │
          │ ↑/↓ choose · enter run · esc close                                                               │
          ╰──────────────────────────────────────────────────────────────────────────────────────────────────╯
                                     │
                                     │

