  󰚩 Argus                            ·  repo  main                                                                  

  Projects                           │  Sessions   Terminals
                                     │
  󰋜 Home                         ○ 3 │  ╭─ · repo ──────────────────────────────────────────────────── fix-login ·  ─╮
  ▾  home╭──────────────────────────────────────────────────────────────────────────────────────────────────╮       │
    ▾ argu│ Go to                                                                                            │       │
▌     󰉋 re│                                                                                                  │───────╯
       re│  home ›  argus › 󰉋 repo main                                                                   │
          │ Search sessions, workspaces, projects · > for commands                                           │cs ·  ─╮
          │                                                                                                  │       │
          │ · fix-login  repo                                                                                │       │
          │ · docs       repo                                                                                │───────╯
          │                                                                                                  │
          │                                                                                                  │
          │                                                                                                  │
          │                                                                                                  │
          │                                                                                                  │
          │                                                                                                  │
          │                                                                                                  │
          │                                                                                                  │
          │                                                                                                  │
          │                                                                                                  │
          │                                                                                                  │
          │ ↑/↓ choose · enter open · ⌫ widen · esc close                                                    │
          ╰──────────────────────────────────────────────────────────────────────────────────────────────────╯
                                     │
                                     │

