  󰚩 Argus                                                                                                           

  Projects                           │  Sessions   History   Terminals
                                     │
▌ 󰋜 Home                         ○ 3 │  ┏━ · repo ━━━━━━━━━━━━━━━━━━━━━━━━━━━━━━━━━━━━━━━━━━━━━━━━━━━━ fix-login ·  ━┓
  ▾  home╭──────────────────────────────────────────────────────────────────────────────────────────────────╮       ┃
    ▾ argu│ Go to                                                                                            │       ┃
      󰉋 re│                                                                                                  │━━━━━━━┛
       re│ Everywhere                                                                                       │
          │ Search sessions, workspaces, projects · > for commands                                           │ts ·  ─╮
          │                                                                                                  │       │
          │ · fix-login          repo                                                                        │       │
          │ · add-tests          repo                                                                        │───────╯
          │ · docs               repo                                                                        │
          │ 󰉋 repo main          argus                                                                       │cs ·  ─╮
          │  repo-feat feature  argus                                                                       │       │
          │  argus              home                                                                        │       │
          │  home               node                                                                        │───────╯
          │                                                                                                  │
          │                                                                                                  │
          │                                                                                                  │
          │                                                                                                  │
          │                                                                                                  │
          │                                                                                                  │
          │ ↑/↓ choose · enter open · esc close                                                              │
          ╰──────────────────────────────────────────────────────────────────────────────────────────────────╯
                                     │
                                     │

