  󱙺 argus

  Projects                           │  repo  main
                                     │
  󰋜 Home                         ○ 3 │  ╭─ · repo ──────────────────────────────────────────────────── fix-login ·  ─╮
  ▾ argus ╭──────────────────────────────────────────────────────────────────────────────────────────────────╮       │
▌   ★ repo│ Commands                                                                                         │       │
    • repo│                                                                                                  │───────╯
          │ >toggle                                                                                          │
          │                                                                                                  │cs ·  ─╮
          │ > toggle mouse                                                                                   │       │
          │ > toggle show-gone        zg                                                                     │       │
          │ > toggle show-hidden      z.                                                                     │───────╯
          │ > toggle left-sidebar     ␣o                                                                     │
          │ > toggle right-sidebar    ␣e                                                                     │
          │                                                                                                  │
          │                                                                                                  │
          │                                                                                                  │
          │                                                                                                  │
          │                                                                                                  │
          │                                                                                                  │
          │                                                                                                  │
          │                                                                                                  │
          │                                                                                                  │
          │ ↑/↓ choose · enter run · esc close                                                               │
          ╰──────────────────────────────────────────────────────────────────────────────────────────────────╯
                                     │
                                     │

