  󱙺 argus                                                                                                           

  Projects                           │  repo  main
                                     │
  󰋜 Home                         ○ 3 │  ╭─ · repo ──────────────────────────────────────────────────── fix-login ·  ─╮
  ▾ argus ╭──────────────────────────────────────────────────────────────────────────────────────────────────╮       │
▌   ★ repo│ Go to                                                                                            │       │
    • repo│                                                                                                  │───────╯
          │ ▪ argus ›  repo main                                                                            │
          │ Search sessions, workspaces, projects · > for commands                                           │cs ·  ─╮
          │                                                                                                  │       │
          │ · fix-login  repo                                                                                │       │
          │ · docs       repo                                                                                │───────╯
          │                                                                                                  │
          │                                                                                                  │
          │                                                                                                  │
          │                                                                                                  │
          │                                                                                                  │
          │                                                                                                  │
          │                                                                                                  │
          │                                                                                                  │
          │                                                                                                  │
          │                                                                                                  │
          │                                                                                                  │
          │ ↑/↓ choose · enter open · ⌫ widen · esc close                                                    │
          ╰──────────────────────────────────────────────────────────────────────────────────────────────────╯
                                     │
                                     │

