  󰚩 Argus                                                                                                           

  Projects                           │  Sessions   History   Terminals
                                     │
▌ 󰋜 Home                         ○ 3 │  ┏━ · repo ━━━━━━━━━━━━━━━━━━━━━━━━━━━━━━━━━━━━━━━━━━━━━━━━━━━━ fix-login ·  ━┓
  ▾  home╭──────────────────────────────────────────────────────────────────────────────────────────────────╮       ┃
    ▾ argu│ Go to                                                                                            │       ┃
      󰉋 re│                                                                                                  │━━━━━━━┛
       re│ Everywhere                                                                                       │
          │ zzzz                                                                                             │ts ·  ─╮
          │                                                                                                  │       │
          │ no matches                                                                                       │       │
          │                                                                                                  │───────╯
          │                                                                                                  │
          │                                                                                                  │cs ·  ─╮
          │                                                                                                  │       │
          │                                                                                                  │       │
          │                                                                                                  │───────╯
          │                                                                                                  │
          │                                                                                                  │
          │                                                                                                  │
          │                                                                                                  │
          │                                                                                                  │
          │                                                                                                  │
          │ ↑/↓ choose · enter open · esc close                                                              │
          ╰──────────────────────────────────────────────────────────────────────────────────────────────────╯
                                     │
                                     │

