  󰚩 Argus                            ·  argus  /repo/.git                                                           

  Projects                           │  󰉋 repo  main                                                               ○ 2
                                     │   repo-feat  feature                                                       ○ 1
  󰋜 Home                         ○ 3 │
  ▾  home                           │  esc tree: a new workspace · r rename
▌   ▾ argus                          │
      󰉋 repo  main               ○ 2 │
       repo-feat  feature       ○ 1 │
                                     │
                                     │
                                     │
                                     │
                                     │
                                     │
                                     │
                                     │
                                     │
                                     │
                                     │
                                     │
                                     │
                                     │
                                     │
                                     │
                                     │
                                     │
                                     │

                                                        g? help