  󱙺 argus

  Projects                           │  Target for repo
                                     │
  󰋜 Home                         ○ 3 │  filter:  
  ▾ argus                            │
▌   ★ repo  main                 ○ 2 │  ▌ main
    • repo-feat  feature         ○ 1 │    feature
                                     │
                                     │
                                     │
                                     │
                                     │
                                     │
                                     │
                                     │
                                     │
                                     │
                                     │
                                     │
                                     │
                                     │
                                     │
                                     │
                                     │
                                     │
                                     │
                                     │

                                          ↑/↓ move · enter select · esc cancel