  󰚩 Argus                            ·  repo  main                                                                  

  Projects                           │  Sessions   Terminals
                                     │
  󰋜 Home                         ○ 3 │  ╭─ · repo ────────────────────────────────────────────────────────────────  ─╮
  ▾  home                           │  ╭────────────────────────────────────────────────────────────────────────────╮
    ▾ argus                          │  │ Target for repo                                                            │
▌     󰉋 repo  main               ○ 2 │  │                                                                            │
       repo-feat  feature       ○ 1 │  │ filter:                                                                    │
                                     │  │                                                                            │
                                     │  │ ▌ main                                                                     │
                                     │  │   feature                                                                  │
                                     │  │                                                                            │
                                     │  │                                                                            │
                                     │  │                                                                            │
                                     │  │                                                                            │
                                     │  │                                                                            │
                                     │  │                                                                            │
                                     │  │                                                                            │
                                     │  │                                                                            │
                                     │  │                                                                            │
                                     │  │                                                                            │
                                     │  │                                                                            │
                                     │  │ ↑/↓ move · enter select · esc cancel                                       │
                                     │  ╰────────────────────────────────────────────────────────────────────────────╯
                                     │
                                     │
                                     │

