  󰚩 Argus                                                                                                           

  Projects                           │  repo  main
                                     │
  󰋜 Home                         ○ 3 │  ╭─ · repo ────────────────────────────────────────────────────────────────  ─╮
  ▾ argus                            │  ╭────────────────────────────────────────────────────────────────────────────╮
▌   ★ repo  main                 ○ 2 │  │ Target for repo                                                            │
    • repo-feat  feature         ○ 1 │  │                                                                            │
                                     │  │ filter:                                                                    │
                                     │  │                                                                            │
                                     │  │ ▌ main                                                                     │
                                     │  │   feature                                                                  │
                                     │  │                                                                            │
                                     │  │                                                                            │
                                     │  │                                                                            │
                                     │  │                                                                            │
                                     │  │                                                                            │
                                     │  │                                                                            │
                                     │  │                                                                            │
                                     │  │                                                                            │
                                     │  │                                                                            │
                                     │  │                                                                            │
                                     │  │                                                                            │
                                     │  │ ↑/↓ move · enter select · esc cancel                                       │
                                     │  ╰────────────────────────────────────────────────────────────────────────────╯
                                     │
                                     │
                                     │

