  󰚩 Argus                            ·   repo · fix-login ·  main  [%1] awaiting_input              ◆ 1 need you   

  Projects                           │ ▌                                                                              
                                     │ ▌    You                                                            14:31:00  
▌ 󰋜 Home                         ◆ 3 │ ▌   fix the bug                                                                
  ▾  home                           │ ▌                                                                              
    ▾ argus                          │
      󰉋 repo  main               ◆ 2 │      1
       repo-feat  feature       ○ 1 │
                                     │   󰆂 I'll check the handler.
                                     │
                                     │     󰯠 1
                                     │
                                     │   ── Opus 4.8 ·  12.3k ·  1m 2s ─────────────────────────────────────────────
                                     │ ─────────────────────────────────────────────────────────────────────────────────
                                     │    Permission requested · Bash
                                     │
                                     │   Allow Bash?
                                     │
                                     │
                                     │
                                     │
                                     │
                                     │
                                     │
                                     │
                                     │
                                     │

                                     ↑/↓ select · enter submit · tab read · ^t raw