  󰚩 Argus                                                                                            ◆ 1 need you   

  Projects                           │   repo · fix-login ·  main  [%1] awaiting_input
                                     │
▌ 󰋜 Home                         ◆ 3 │ │                                                                         You 
  ▾  home                           │ │                   ╭─────────────────────────────────────────────────────────╮
    ▾ argus                          │ │                   │  hello                                                  │
      󰉋 repo  main               ◆ 2 │ │                   ╰─────────────────────────────────────────────────────────╯
       repo-feat  feature       ○ 1 │
                                     │    󰚩 Claude Opus 4.8 ·  1  󰯠 1                                30
                                     │   ╭───────────────────────────────────────────────────────────────╮
                                     │   │  hi there                                                     │
                                     │   ╰───────────────────────────────────────────────────────────────╯
                                     │
                                     │   ╭───────────────────────────────────────────────────────────────╮
                                     │   │   System  ·                                                  │
                                     │   ╰───────────────────────────────────────────────────────────────╯
                                     │ ─────────────────────────────────────────────────────────────────────────────────
                                     │    Allow Bash?                                                 ⇥ Tab to answer
                                     │
                                     │
                                     │
                                     │
                                     │
                                     │
                                     │
                                     │
                                     │

                              }/{ card · h/l fold · enter detail · gg/G ends · tab answer