  󰚩 Argus                                                                                                           

  Projects                           │   repo · fix-login ·  main  [%1] starting
                                     │
▌ 󰋜 Home                         ○ 3 │ Session is starting or waiting at a startup prompt.
  ▾ argus                            │ Press ^t to open the live screen and continue.
    ★ repo  main                 ○ 2 │
    • repo-feat  feature         ○ 1 │
                                     │
                                     │
                                     │
                                     │
                                     │
                                     │
                                     │
                                     │
                                     │
                                     │
                                     │
                                     │
                                     │
                                     │
                                     │
                                     │
                                     │
                                     │
                                     │
                                     │

                          }/{ card · h/l fold · enter detail · gg/G ends · tab answer · ^t raw