  󱙺 argus                                                                                                                                         ◆ 1 need you

  Projects                           │   repo · fix-login ·  main  [%1] awaiting_input                                   │   Files  Changes
                                     │                                                                                    │
▌ 󰋜 Home                         ◆ 3 │ go.mod                                                                             │ ▌   go.mod
  ▾ argus                            │ module argus                                                                       │
    ★ repo  main                 ◆ 2 │ ────────────────────────────────────────────────────────────────────────────────── │
    • repo-feat  feature         ○ 1 │    Allow Bash?                                                  ⇥ Tab to answer   │
                                     │                                                                                    │
                                     │                                                                                    │
                                     │                                                                                    │
                                     │                                                                                    │
                                     │                                                                                    │
                                     │                                                                                    │
                                     │                                                                                    │
                                     │                                                                                    │
                                     │                                                                                    │
                                     │                                                                                    │
                                     │                                                                                    │
                                     │                                                                                    │
                                     │                                                                                    │
                                     │                                                                                    │
                                     │                                                                                    │
                                     │                                                                                    │
                                     │                                                                                    │
                                     │                                                                                    │
                                     │                                                                                    │
                                     │                                                                                    │

                                       ↑/↓ scroll · ^u/^d page · gg/G ends · yow wrap · gr reload · esc close · ^wl files