  󰚩 Argus                                                                                            ◆ 1 need you   

    repo · fix-login ·  main  [%1] awaiting_input

  ▌                                                                                                                   
  ▌    You                                                                                                 14:31:00  
  ▌   fix the bug                                                                                                     
  ▌                                                                                                                   

     Thinking…

    󰆂 I'll check the handler.

    󰯠 Bash         go test ./...

    ── Opus 4.8 ·  12.3k ·  1m 2s ──────────────────────────────────────────────────────────────────────────────────
  ──────────────────────────────────────────────────────────────────────────────────────────────────────────────────────
     Allow Bash?                                                                                      ⇥ Tab to answer











                             }/{ prompt · h/l fold · enter detail · gg/G ends · tab answer