  󰚩 Argus                                                                                                           

  Projects                           │   repo · fix-login ·  main  [%1] idle
                                     │
▌ 󰋜 Home                         ○ 3 │   detail
  ▾ argus                            │
    ★ repo  main                 ○ 2 │   You 
    • repo-feat  feature         ○ 1 │
                                     │   hello
                                     │
                                     │
                                     │
                                     │
                                     │
                                     │
                                     │
                                     │
                                     │
                                     │
                                     │
                                     │
                                     │
                                     │
                                     │
                                     │
                                     │
                                     │
                                     │

                                            h/l fold · enter drill · ^t raw