  󱙺 argus                                                                                                 ◆ 1 need you

    repo · fix-login ·  main  [%1] awaiting_input

  │                                                                                                              You 
  │                            ╭─────────────────────────────────────────────────────────────────────────────────────╮
  │                            │  hello                                                                              │
  │                            ╰─────────────────────────────────────────────────────────────────────────────────────╯

     󱙺 Claude Opus 4.8 ·  1  󰯠 1                                                                30
    ╭───────────────────────────────────────────────────────────────────────────────────────────────╮
    │  hi there                                                                                     │
    ╰───────────────────────────────────────────────────────────────────────────────────────────────╯

    ╭───────────────────────────────────────────────────────────────────────────────────────────────╮
    │   System  ·                                                                                  │
    ╰───────────────────────────────────────────────────────────────────────────────────────────────╯
  ──────────────────────────────────────────────────────────────────────────────────────────────────────────────────────
     Allow Bash?                                                                                      ⇥ Tab to answer










                              }/{ card · h/l fold · enter detail · gg/G ends · tab answer