  󰚩 Argus                                                                                            ◆ 1 need you   

  Projects                           │   repo · fix-login ·  main  [%1] awaiting_input
                                     │
▌ 󰋜 Home                         ◆ 3 │ ▌                                                                              
  ▾  home                           │ ▌    You                                                            14:31:00  
    ▾ argus                          │ ▌   fix the bug                                                                
      󰉋 repo  main               ◆ 2 │ ▌                                                                              
       repo-feat  feature       ○ 1 │
                                     │    Thinking…
                                     │
                                     │   󰆂 I'll check the handler.
                                     │
                                     │   󰯠 Bash         go test ./...
                                     │
                                     │   ── Opus 4.8 ·  12.3k ·  1m 2s ─────────────────────────────────────────────
                                     │ ─────────────────────────────────────────────────────────────────────────────────
                                     │    Permission requested · Bash
                                     │
                                     │   Allow Bash?
                                     │
                                     │
                                     │
                                     │
                                     │
                                     │
                                     │
                                     │

                                     ↑/↓ select · enter submit · tab read · ^t raw