  󰚩 Argus                            ·   repo · fix-login ·  main  [%1] starting                                   

  Projects                           │ Session is starting or waiting at a startup prompt.
                                     │ Press ^t to open the live screen and continue.
▌ 󰋜 Home                         ○ 3 │
  ▾  home                           │
    ▾ argus                          │
      󰉋 repo  main               ○ 2 │
       repo-feat  feature       ○ 1 │
                                     │
                                     │
                                     │
                                     │
                                     │
                                     │
                                     │
                                     │
                                     │
                                     │
                                     │
                                     │
                                     │
                                     │
                                     │
                                     │
                                     │
                                     │
                                     │

                         }/{ prompt · h/l fold · enter detail · gg/G ends · tab answer · ^t raw