  󰚩 Argus                            ·   repo · fix-login ·  main  [%1] awaiting_input                                                      ◆ 1 need you   

  Projects                           │ go.mod                                                                             │  Files  Changes
                                     │ module argus                                                                       │
▌ 󰋜 Home                         ◆ 3 │ ────────────────────────────────────────────────────────────────────────────────── │▌   go.mod
  ▾  home                           │    Allow Bash?                                                  ⇥ Tab to answer   │
    ▾ argus                          │                                                                                    │
      󰉋 repo  main               ◆ 2 │                                                                                    │
       repo-feat  feature       ○ 1 │                                                                                    │
                                     │                                                                                    │
                                     │                                                                                    │
                                     │                                                                                    │
                                     │                                                                                    │
                                     │                                                                                    │
                                     │                                                                                    │
                                     │                                                                                    │
                                     │                                                                                    │
                                     │                                                                                    │
                                     │                                                                                    │
                                     │                                                                                    │
                                     │                                                                                    │
                                     │                                                                                    │
                                     │                                                                                    │
                                     │                                                                                    │
                                     │                                                                                    │
                                     │                                                                                    │
                                     │                                                                                    │
                                     │                                                                                    │

                                             ↑/↓ scroll · ^u/^d page · gg/G ends · yow wrap · gr reload · esc close