  󰚩 Argus                                                                                                           

  Projects                           │   repo · fix-login ·  main  [%1] starting
                                     │
▌ 󰋜 Home                         ○ 3 │ Session is starting or waiting at a startup prompt.
  ▾  home                           │ Press ^t to open the live screen and continue.
    ▾ argus                          │
      󰉋 repo  main               ○ 2 │
       repo-feat  feature       ○ 1 │
                                     │
                                     │
                                     │
                                     │
                                     │
                                     │
                                     │
                                     │
                                     │
                                     │
                                     │
                                     │
                                     │
                                     │
                                     │
                                     │
                                     │
                                     │
                                     │

                         }/{ prompt · h/l fold · enter detail · gg/G ends · tab answer · ^t raw