  󰚩 Argus                                                                                                           

  Projects                           │   repo · fix-login ·  main  [%1] idle
                                     │
▌ 󰋜 Home                         ○ 3 │   detail
  ▾  home                           │
    ▾ argus                          │   You 
      󰉋 repo  main               ○ 2 │
       repo-feat  feature       ○ 1 │   hello
                                     │
                                     │
                                     │
                                     │
                                     │
                                     │
                                     │
                                     │
                                     │
                                     │
                                     │
                                     │
                                     │
                                     │
                                     │
                                     │
                                     │
                                     │
                                     │

                                            h/l fold · enter drill · ^t raw