  󰚩 Argus                                                                                                           

  Projects                           │  new session
                                     │
  󰋜 Home                         ○ 3 │  Which agent?
  ▾  home                           │
    ▾ argus                          │  Detecting agents…
▌     󰉋 repo  main               ○ 2 │
       repo-feat  feature       ○ 1 │
                                     │
                                     │
                                     │
                                     │
                                     │
                                     │
                                     │
                                     │
                                     │
                                     │
                                     │
                                     │
                                     │
                                     │
                                     │
                                     │
                                     │
                                     │
                                     │

                                                       esc cancel