  󰚩 Argus                                                                                                           

  Projects                           │  new session
                                     │
▌ 󰋜 Home                         ○ 3 │  Initial prompt (required)
  ▾ argus                            │
    ★ repo  main                 ○ 2 │                                                                                
    • repo-feat  feature         ○ 1 │                                                                                
                                     │                                                                                
                                     │                                                                                
                                     │                                                                                
                                     │                                                                                
                                     │                                                                                
                                     │                                                                                
                                     │                                                                                
                                     │                                                                                
                                     │                                                                                
                                     │                                                                                
                                     │                                                                                
                                     │                                                                                
                                     │                                                                                
                                     │                                                                                
                                     │                                                                                
                                     │                                                                                
                                     │                                                                                
                                     │                                                                                
                                     │                                                                                
                                     │                                                                                

                                   enter launch · shift+enter/^j newline · esc cancel