  󰚩 Argus                                                                                                           

  Projects                           │  new session
                                     │
▌ 󰋜 Home                         ○ 3 │  Choose a directory
  ▾ argus                            │
    󰉋 repo  main                 ○ 2 │  ❯ p  /p
     repo-feat  feature         ○ 1 │
                                     │    Custom path…
                                     │
                                     │
                                     │
                                     │
                                     │
                                     │
                                     │
                                     │
                                     │
                                     │
                                     │
                                     │
                                     │
                                     │
                                     │
                                     │
                                     │
                                     │
                                     │

                                          ↑/↓ move · enter select · esc cancel