  󰚩 Argus                                                                                                           

  Projects                           │  new session
                                     │
▌ 󰋜 Home                         ○ 3 │  Choose a directory
  ▾  home                           │
    ▾ argus                          │  ❯ p  /p
      󰉋 repo  main               ○ 2 │
       repo-feat  feature       ○ 1 │    Custom path…
                                     │
                                     │
                                     │
                                     │
                                     │
                                     │
                                     │
                                     │
                                     │
                                     │
                                     │
                                     │
                                     │
                                     │
                                     │
                                     │
                                     │
                                     │
                                     │

                                          ↑/↓ move · enter select · esc cancel