  󰚩 Argus                                                                                                           

  Projects                           │  new session
                                     │
▌ 󰋜 Home                             │  Choose a directory
  ▾  home                           │
    ▾ argus                          │  ❯ p  /p
      󰉋 repo  main                   │
       repo-feat  feature           │    Custom path…
                                     │
                                     │
                                     │
                                     │
                                     │
                                     │
                                     │
                                     │
                                     │
                                     │
                                     │
                                     │
                                     │
                                     │
                                     │
                                     │
                                     │
                                     │
                                     │

                                          ↑/↓ move · enter select · esc cancel