  󱙺 argus                                                                                                           

  Projects                           │  new session
                                     │
▌ 󰋜 Home                             │  Choose a directory
  ▾ argus                            │
    ★ repo  main                     │  ❯ p  /p
    • repo-feat  feature             │
                                     │    Custom path…
                                     │
                                     │
                                     │
                                     │
                                     │
                                     │
                                     │
                                     │
                                     │
                                     │
                                     │
                                     │
                                     │
                                     │
                                     │
                                     │
                                     │
                                     │
                                     │

                                          ↑/↓ move · enter select · esc cancel