           󱙺 argus    Sessions   History  (reconnecting…)
           ⚠ QUARANTINED  pin this device: argus lock pin






                                          ╭──────────────╮                  
                                          │    █████╗    │                  
                                          │   ██╔══██╗   │                  
                                          │   ███████║   │                  
                                          │   ██╔══██║   │                  
                                          │   ██║  ██║   │                  
                                          │   ╚═╝  ╚═╝   │                  
                                          ╰──────────────╯                  
                                                                            
                                                Argus                       
                               Watch and control all your AI agents.        
                                                                            
                         No sessions yet. Start an AI agent in a tmux pane, 
                                or press s to spawn one right here.         







                             gT/gt tabs · s spawn · gr refresh · Q quit