  󱙺 argus

  Projects                           │  Sessions   History   Terminals
                                     │
▌ 󰋜 Home                             │
  ▾ argus                            │
    ★ repo  main                     │
    • repo-feat  feature             │
                                     │
                                     │                                 ╭──────────────╮
                                     │                                 │    █████╗    │
                                     │                                 │   ██╔══██╗   │
                                     │                                 │   ███████║   │
                                     │                                 │   ██╔══██║   │
                                     │                                 │   ██║  ██║   │
                                     │                                 │   ╚═╝  ╚═╝   │
                                     │                                 ╰──────────────╯
                                     │
                                     │                                       Argus
                                     │                      Watch and control all your AI agents.
                                     │
                                     │                No sessions yet. Start an AI agent in a tmux pane,
                                     │                       or press s to spawn one right here.
                                     │
                                     │
                                     │
                                     │
                                     │

                                    s spawn · / filter · Q quit · ␣e files · g? help