  󱙺 argus

  Projects  /fe                      │  Sessions   History
                                     │
▌ 󰋜 Home                         ○ 3 │  ╭─ · repo ────────────────────────────────────────────────────────────────  ─╮
  ▾ argus                            │  │                                                                            │
    • repo-feat  feature         ○ 1 │  │ (idle)                                                                     │
                                     │  ╰────────────────────────────────────────────────────────────────────────────╯
                                     │
                                     │  ╭─ · repo ────────────────────────────────────────────────────────────────  ─╮
                                     │  │                                                                            │
                                     │  │ (idle)                                                                     │
                                     │  ╰────────────────────────────────────────────────────────────────────────────╯
                                     │
                                     │  ╭─ · repo ────────────────────────────────────────────────────────────────  ─╮
                                     │  │                                                                            │
                                     │  │ (idle)                                                                     │
                                     │  ╰────────────────────────────────────────────────────────────────────────────╯
                                     │
                                     │
                                     │
                                     │
                                     │
                                     │
                                     │
                                     │
                                     │
                                     │

                       filter: fe                                         enter keep · esc clear