  󰚩 Argus                                                                                                           

  Projects                           │  Sessions   History   Terminals
                                     │
▌ 󰋜 Home                         ○ 3 │  ╭─ · repo ────────────────────────────────────────────────────────────────  ─╮
  ▾  home                           │  │                                                                            │
    ▾ argus                          │  │ (idle)                                                                     │
      󰉋 repo  main               ○ 2 │  ╰────────────────────────────────────────────────────────────────────────────╯
       repo-feat  feature       ○ 1 │
                                     │  ┏━ · repo ━━━━━━━━━━━━━━━━━━━━━━━━━━━━━━━━━━━━━━━━━━━━━━━━━━━━━━━━━━━━━━━━  ━┓
                                     │  ┃                                                                            ┃
                                     │  ┃ (idle)                                                                     ┃
                                     │  ┗━━━━━━━━━━━━━━━━━━━━━━━━━━━━━━━━━━━━━━━━━━━━━━━━━━━━━━━━━━━━━━━━━━━━━━━━━━━━┛
                                     │
                                     │  ╭─ · repo ────────────────────────────────────────────────────────────────  ─╮
                                     │  │                                                                            │
                                     │  │ (idle)                                                                     │
                                     │  ╰────────────────────────────────────────────────────────────────────────────╯
                                     │
                                     │
                                     │
                                     │
                                     │
                                     │
                                     │
                                     │
                                     │
                                     │

                                    s spawn · / filter · Q quit · ␣e files · g? help