  󰚩 Argus                                                                                                           

  Projects  /fe                      │  Sessions   History   Terminals
                                     │
▌ 󰋜 Home                         ○ 3 │  ┏━ · repo ━━━━━━━━━━━━━━━━━━━━━━━━━━━━━━━━━━━━━━━━━━━━━━━━━━━━━━━━━━━━━━━━  ━┓
  ▾  home                           │  ┃                                                                            ┃
    ▾ argus                          │  ┃ (idle)                                                                     ┃
       repo-feat  feature       ○ 1 │  ┗━━━━━━━━━━━━━━━━━━━━━━━━━━━━━━━━━━━━━━━━━━━━━━━━━━━━━━━━━━━━━━━━━━━━━━━━━━━━┛
                                     │
                                     │  ╭─ · repo ────────────────────────────────────────────────────────────────  ─╮
                                     │  │                                                                            │
                                     │  │ (idle)                                                                     │
                                     │  ╰────────────────────────────────────────────────────────────────────────────╯
                                     │
                                     │  ╭─ · repo ────────────────────────────────────────────────────────────────  ─╮
                                     │  │                                                                            │
                                     │  │ (idle)                                                                     │
                                     │  ╰────────────────────────────────────────────────────────────────────────────╯
                                     │
                                     │
                                     │
                                     │
                                     │
                                     │
                                     │
                                     │
                                     │
                                     │

                       filter: fe                                         enter keep · esc clear