  argus · proj  first session  · Opus 4.8

│                                                                                                                You 
│                             ╭──────────────────────────────────────────────────────────────────────────────────────╮
│                             │  hello                                                                               │
│                             ╰──────────────────────────────────────────────────────────────────────────────────────╯

   󱙺 Claude Opus 4.8 ·  1  󰯠 1                                                                  30
  ╭─────────────────────────────────────────────────────────────────────────────────────────────────╮
  │  hi there                                                                                       │
  ╰─────────────────────────────────────────────────────────────────────────────────────────────────╯

  ╭─────────────────────────────────────────────────────────────────────────────────────────────────╮
  │   System  ·                                                                                    │
  ╰─────────────────────────────────────────────────────────────────────────────────────────────────╯














                         ↑/↓ scroll · }/{ card · h/l fold · enter detail · gg/G ends · esc back