  󰚩 Argus                            · home                                 

  Projects                           │ ╭───────────────────────────────────────╮
                                     │ │ Keep home awake                       │
  󰋜 Home                         ○ 3 │ │                                       │
▌ ▾  home                           │ │ ❯ 30 minutes                          │
    ▾ argus                          │ │   1 hour                              │
      󰉋 repo  main               ○ 2 │ │   4 hours                             │
       repo-feat  feature       ○ 1 │ │   8 hours                             │
                                     │ │   Until I turn it off                 │
                                     │ │                                       │
                                     │ │                                       │
                                     │ │                                       │
                                     │ │                                       │
                                     │ │                                       │
                                     │ │                                       │
                                     │ │                                       │
                                     │ │                                       │
                                     │ │                                       │
                                     │ │                                       │
                                     │ │ ↑/↓ move · enter select · esc cancel  │
                                     │ ╰───────────────────────────────────────╯

