  󰚩 Argus                                                                                                                                                   

  Projects                           │   repo  main                                                                       │  Files  Changes
                                     │                                                                                    │
  󰋜 Home                         ○ 3 │   ┏━ · repo ━━━━━━━━━━━━━━━━━━━━━━━━━━━━━━━━━━━━━━━━━━━━━━━━━━━━━━━━━━━━━━━━  ━┓   │▌ loading…
  ▾  home                           │   ┃                                                                            ┃   │
    ▾ argus                          │   ┃ (idle)                                                                     ┃   │
▌     󰉋 repo  main               ○ 2 │   ┗━━━━━━━━━━━━━━━━━━━━━━━━━━━━━━━━━━━━━━━━━━━━━━━━━━━━━━━━━━━━━━━━━━━━━━━━━━━━┛   │
       repo-feat  feature       ○ 1 │                                                                                    │
                                     │   ╭─ · repo ────────────────────────────────────────────────────────────────  ─╮   │
                                     │   │                                                                            │   │
                                     │   │ (idle)                                                                     │   │
                                     │   ╰────────────────────────────────────────────────────────────────────────────╯   │
                                     │                                                                                    │
                                     │                                                                                    │
                                     │                                                                                    │
                                     │                                                                                    │
                                     │                                                                                    │
                                     │                                                                                    │
                                     │                                                                                    │
                                     │                                                                                    │
                                     │                                                                                    │
                                     │                                                                                    │
                                     │                                                                                    │
                                     │                                                                                    │
                                     │                                                                                    │
                                     │                                                                                    │
                                     │                                                                                    │

                                                  O jump · s spawn · dd kill · za active · / filter · g? help