  󱙺 argus

  Projects                           │  repo  main
                                     │
  󰋜 Home                         ○ 3 │  ╭─ · repo ────────────────────────────────────────────────────────────────  ─╮
  ▾ argus                            │  │                                                                            │
▌   ★ repo  main                 ○ 2 │  │ (idle)                                                                     │
    • repo-feat  feature         ○ 1 │  ╰────────────────────────────────────────────────────────────────────────────╯
                                     │
                                     │  ╭─ · repo ────────────────────────────────────────────────────────────────  ─╮
                                     │  │                                                                            │
                                     │  │ (idle)                                                                     │
                                     │  ╰────────────────────────────────────────────────────────────────────────────╯
                                     │
                                     │
                                     │
                                     │
                                     │
                                     │
                                     │
                                     │
                                     │
                                     │
                                     │
                                     │
                                     │
                                     │
                                     │

     ↑/↓ move · h/l fold · enter open · ^ww/^wW pane · s spawn · a new · dd remove · / filter · Q quit · ␣e files …