  󱙺 argus

  Projects                           │  repo  main
                                     │
  󰋜 Home                         ○ 3 │  ┏━ · repo ━━━━━━━━━━━━━━━━━━━━━━━━━━━━━━━━━━━━━━━━━━━━━━━━━━━━━━━━━━━━━━━━  ━┓
  ▾ argus                            │  ┃                                                                            ┃
▌   ★ repo  main                 ○ 2 │  ┃ (idle)                                                                     ┃
    • repo-feat  feature         ○ 1 │  ┗━━━━━━━━━━━━━━━━━━━━━━━━━━━━━━━━━━━━━━━━━━━━━━━━━━━━━━━━━━━━━━━━━━━━━━━━━━━━┛
                                     │
                                     │  ╭─ · repo ────────────────────────────────────────────────────────────────  ─╮
                                     │  │                                                                            │
                                     │  │ (idle)                                                                     │
                                     │  ╰────────────────────────────────────────────────────────────────────────────╯
                                     │
                                     │
                                     │
                                     │
                                     │
                                     │
                                     │
                                     │
                                     │
                                     │
                                     │
                                     │
                                     │
                                     │
                                     │

     ↑/↓ move · enter open · O jump · s spawn · dd kill · za active · / filter · ^ww/^wW tree · g? help · esc tree