$ argus lock status --socket=/home/argus/s --gateway=ws://<RUN-ID>-gw:8443 --token=<TOKEN>
exit 0
--- stdout ---
locked mode: not enabled

chain: none — this node holds no trust log

this node
  identity: <NODE-A-DEVPUB>
  signer:   <NODE-A-SIGPUB>

signers: none

devices: none

  pin: none

this tui
  identity: <NODE-A-CLIENT-DEVPUB>
  pin: none
--- stderr ---
