$ argus lock status --socket=<node-a-SOCKET> --gateway=ws://<GW-ADDR> --token=<TOKEN>
exit 0
--- stdout ---
locked mode: not enabled

chain: none — never initialized

this node
  identity: <NODE-A-DEVPUB>
  signer:   <NODE-A-SIGPUB>

signers: none

devices: none

  pin: none
  client pin: none
--- stderr ---
