$ argus lock status --socket=<node-b-SOCKET> --gateway=ws://<GW-ADDR> --token=<TOKEN>
exit 0
--- stdout ---
locked mode: not enabled

chain: none — locked mode not enabled on this node

this node
  identity: <NODE-B-DEVPUB>
  signer:   <NODE-B-SIGPUB>

signers: none

devices: none

  pin: none
  client pin: none
--- stderr ---
