$ argus lock log --socket=/home/argus/s --gateway=ws://<RUN-ID>-gw:8443 --token=<TOKEN>
exit 0
--- stdout ---
[0] genesis: 1 signer(s)
  signer: <NODE-A-SIGPUB>
  hash: <GENESIS>
[1] authorize-device: <NODE-A-DEVPUB>
  hash: <TIP-2>
[2] authorize-device: <NODE-B-DEVPUB>
  hash: <TIP-1>

genesis: <GENESIS>
tip:     <TIP-1>
length:  3 entries
signers: 1  fingerprint: <FP>
--- stderr ---
