$ argus lock log --socket=<node-a-SOCKET> --gateway=ws://<GW-ADDR> --token=<TOKEN>
exit 0
--- stdout ---
[0] genesis: 1 signer(s)
  signer: <NODE-A-SIGPUB>
[1] authorize-device: <NODE-A-DEVPUB>
[2] authorize-device: <NODE-B-DEVPUB>
[3] add-signer: <NODE-B-SIGPUB>
[4] revoke-device: <NODE-B-DEVPUB>
[5] authorize-device: <NODE-B-DEVPUB>
[6] remove-signer: <NODE-B-SIGPUB>

tip fingerprint: <FP>
--- stderr ---
