$ argus lock status --socket=<node-a-SOCKET> --gateway=ws://<GW-ADDR> --token=<TOKEN>
exit 0
--- stdout ---
locked mode: disabled network-wide — break-glass used, nothing is enforced
  this is permanent: the log can never be re-enabled
  to lock again: argus lock init (new genesis; every device repins)
  current tip (audit): <TIP-6>
  pin: <FP> (source: file)
  client pin: <FP> — SUPERSEDED: the pinned chain was disabled network-wide; no replacement root is available yet
       the dashboard on this machine opens no channels
       a signer must run:
         argus lock init
       then on each device:
         argus lock pin
--- stderr ---
